// Jest Snapshot v1, https://goo.gl/fbAQLP

exports[`Gonna test Calculator To add Snapshot 1`] = `ShallowWrapper {}`;
