// Jest Snapshot v1, https://goo.gl/fbAQLP

exports[`checks for Key component should render correctly 1`] = `ShallowWrapper {}`;
