// Jest Snapshot v1, https://goo.gl/fbAQLP

exports[`Tests the Display Snapshot the Display 1`] = `ShallowWrapper {}`;
